
               I S S A     D i c t i o n a r y     R e p o r t


                  IIIIIIIIII     SSSSSSS       SSSSSSS            A
                 IIIIIIIIII    SSSSSSSSSS    SSSSSSSSSS          AA
                   IIII       SSSS          SSSS               AAAA
                  IIII       SSSS          SSSS              AAAAAA
                 IIII       SSSS          SSSS             AAA  AAA
                IIII       SSSSSSSS      SSSSSSSS         AAA  AAA 
               IIII         SSSSSSSS      SSSSSSSS      AAA    AAA 
              IIII             SSSS          SSSS      AAAAAAAAAA  
             IIII             SSSS          SSSS     AAAAAAAAAAAA  
            IIII             SSSS          SSSS     AAA      AAA   
        IIIIIIIIII    SSSSSSSSSS    SSSSSSSSSS    AAAA      AAAA   
       IIIIIIIIII      SSSSSSS       SSSSSSS     AAAA      AAAA    

  I n t e g r a t e d   S y s t e m   f o r    S u r v e y   A n a l y s i s

--------------------------------------------------------------------------------

Dictionary Name   : BDPR31   (file 'BDPR31.DIC', 14496 bytes)

Dictionary Label  : Standard Recode 1.2.4         

Owner             : K Purvis                      

Country           : Bangladesh (BD)               

Creation Date     : Aug 7, 3    

Last Update       : Aug 7, 3          * 1 hierarchical level

* Main index: not defined

* No secondary indexes defined

* Index summary: no index key lengths measured

* Estimated case-data-area size: 190 bytes (2 sections, 88 variables)

Report date & time: 08-07-2003 at 09:28:46 hrs.

                             SECTION DESCRIPTION                       
                                                                      08-07-2003
                                                                        09:28:46
--------------------------------------------------------------------------------
Section     Length      Occurs   ---  Group  ---  
 name   Loc.     Class  Min Max    Max Loc Len    Section Label
--------------------------------------------------------------------------------

SEC1       1  159  S     0   1   -without group-  

SEC2     160   31  S     0   1   -without group-  


                             VARIABLE  DESCRIPTION                     
Section   : SEC1                                                      08-07-2003
                                                                        09:28:46
--------------------------------------------------------------------------------
Variable  Loca  Len   Deci  For   Class  Variable Label
Name      tion  gth   mals  mat          Value   Label
--------------------------------------------------------------------------------

HHID         1   12    0     A      S    Case Identification           

HV000       13    3    0     A      S    Country code and phase        

HV001       16    8    0     N      S    Cluster number                

HV002       24    4    0     N      S    Household number              

HV003       28    3    0     N      S    Respondent's line number      

HV004       31    4    0     N      S    Ultimate area unit            

HV005       35    8    0     N      S    Sample weight                 

HV006       43    2    0     N      S    Month of interview            
                                         ranges:   lower   upper
                                                       1      12

HV007       45    2    0     N      S    Year of interview             
                                         ranges:   lower   upper
                                                      93      94

HV008       47    4    0     N      S    Date of interview (CMC)       

HV009       51    2    0     N      S    Number of household members   
                                         ranges:   lower   upper
                                                       0      90

HV010       53    2    0     N      S    Number of eligible women in HH
                                         ranges:   lower   upper
                                                       0      20

HV011       55    2    0     N      S    Number of eligible men in HH  
                                         ranges:   lower   upper
                                                       0      20

HV012       57    2    0     N      S    Number of de jure members     
                                         ranges:   lower   upper
                                                       0      90

HV013       59    2    0     N      S    Number of de facto members    
                                         ranges:   lower   upper
                                                       0      90

HV014       61    2    0     N      S    Number of children 5 and under
                                         ranges:   lower   upper
                                                       0      20


                             VARIABLE  DESCRIPTION                     
Section   : SEC1                                                      08-07-2003
                                                                        09:28:46
--------------------------------------------------------------------------------
Variable  Loca  Len   Deci  For   Class  Variable Label
Name      tion  gth   mals  mat          Value   Label
--------------------------------------------------------------------------------

HV015       63    1    0     N      S    Result of household interview 
                                         values:   value  label
                                                       1  Completed                                                   
                                                       2  HH present, no resp                                         
                                                       3  HH absent                                                   
                                                       4  Postponed                                                   
                                                       5  Refused                                                     
                                                       6  Dwelling vacant                                             
                                                       7  Dwelling destroyed                                          
                                                       8  Dwelling not found                                          
                                                       9  Other                                                       
                                         ranges:   lower   upper
                                                       1       9

HV016       64    2    0     N      S    Day of interview              
                                         ranges:   lower   upper
                                                       1      31

HV017       66    1    0     N      S    Number of visits              
                                         ranges:   lower   upper
                                                       1       4

HV018       67    3    0     N      S    Interviewer identification    
                                         values:   value  label
                                                     999  Missing value

HV019       70    2    0     N      S    Keyer identification          
                                         values:   value  label
                                                      99  Missing value

HV020       72    1    0     N      S    Ever-married sample           
                                         values:   value  label
                                                       0  All woman sample                                            
                                                       1  Ever married sample                                         
                                         ranges:   lower   upper
                                                       0       1

HV021       73    4    0     N      S    Primary sampling unit         

HV022       77    4    0     N      S    Sample stratum number         

HV023       81    2    0     N      S    Sample domain                 
                                         values:   value  label
                                                       0  National                                                    
                                                       1  Country specific                                            


                             VARIABLE  DESCRIPTION                     
Section   : SEC1                                                      08-07-2003
                                                                        09:28:46
--------------------------------------------------------------------------------
Variable  Loca  Len   Deci  For   Class  Variable Label
Name      tion  gth   mals  mat          Value   Label
--------------------------------------------------------------------------------

HV024       83    2    0     N      S    Region                        
                                         values:   value  label
                                                       1  Barishal                                                    
                                                       2  Chittagong                                                  
                                                       3  Dhaka                                                       
                                                       4  Khulna                                                      
                                                       5  Rajshani                                                    
                                         ranges:   lower   upper
                                                       1       5

HV025       85    1    0     N      S    Type of place of residence    
                                         values:   value  label
                                                       1  Urban                                                       
                                                       2  Rural                                                       
                                         ranges:   lower   upper
                                                       1       2

HV026       86    1    0     N      S    Place of residence            
                                         values:   value  label
                                                       0  Dhaka/Chittagong                                            
                                                       1  Small city                                                  
                                                       2  Town                                                        
                                                       3  Village                                                     
                                                       9  Missing value
                                         ranges:   lower   upper
                                                       0       3

HV027       87    1    0     N      S    Selection for male/husb. int. 
                                         values:   value  label
                                                       0  Not selected                                                
                                                       1  Men's survey                                                
                                                       2  Husband's survey                                            
                                         ranges:   lower   upper
                                                       0       2

HV028       88    8    0     N      S    Sample weight for male subsamp

HV030       96    2    0     N      S    Field supervisor -NA          
                                         values:   value  label
                                                      99  Missing value
                                                   BLANK  Not applicable value
                                         ranges:   lower   upper
                                                       0       0

HV031       98    2    0     N      S    Field editor -NA              
                                         values:   value  label
                                                      99  Missing value
                                                   BLANK  Not applicable value
                                         ranges:   lower   upper
                                                       0       0


                             VARIABLE  DESCRIPTION                     
Section   : SEC1                                                      08-07-2003
                                                                        09:28:46
--------------------------------------------------------------------------------
Variable  Loca  Len   Deci  For   Class  Variable Label
Name      tion  gth   mals  mat          Value   Label
--------------------------------------------------------------------------------

HV032      100    2    0     N      S    Office editor -NA             
                                         values:   value  label
                                                      99  Missing value
                                                   BLANK  Not applicable value
                                         ranges:   lower   upper
                                                       0       0

HV033      102    8    0     N      S    Ultimate area selection prob. 

HV201      110    2    0     N      S    Source of drinking water      
                                         values:   value  label
                                                      10  PIPED WATER                                                 
                                                      11  Piped inside dwelln'                                        
                                                      12  Piped outside dwellg                                        
                                                      20  WELL WATER                                                  
                                                      21  Tubewell                                                    
                                                      22  Surface/other well                                          
                                                      30  SURFACE WATER                                               
                                                      31  Pond/tank/lake                                              
                                                      32  River/stream                                                
                                                      41  Rainwater                                                   
                                                      96  Other                                                       
                                                      99  Missing value
                                                   BLANK  Not applicable value
                                         ranges:   lower   upper
                                                      10      41
                                                      96      96

HV202      112    2    0     N      S    Source of non-drinking water  
                                         values:   value  label
                                                      10  PIPED WATER                                                 
                                                      11  Piped inside dwelln'                                        
                                                      12  Piped outside dwellg                                        
                                                      20  WELL WATER                                                  
                                                      21  Tubewell                                                    
                                                      22  Surface/other well                                          
                                                      30  SURFACE WATER                                               
                                                      31  Pond/tank/lake                                              
                                                      32  River/stream                                                
                                                      41  Rainwater                                                   
                                                      96  Other                                                       
                                                      99  Missing value
                                                   BLANK  Not applicable value
                                         ranges:   lower   upper
                                                      10      61
                                                      96      96


                             VARIABLE  DESCRIPTION                     
Section   : SEC1                                                      08-07-2003
                                                                        09:28:46
--------------------------------------------------------------------------------
Variable  Loca  Len   Deci  For   Class  Variable Label
Name      tion  gth   mals  mat          Value   Label
--------------------------------------------------------------------------------

HV203      114    1    0     N      S    Same source of water          
                                         values:   value  label
                                                       0  No                                                          
                                                       1  Yes                                                         
                                                       9  Missing value
                                                   BLANK  Not applicable value
                                         ranges:   lower   upper
                                                       0       1

HV204      115    3    0     N      S    Time to get to water source   
                                         values:   value  label
                                                     996  On premises                                                 
                                                     999  Missing value
                                                   BLANK  Not applicable value

HV205      118    2    0     N      S    Type of toilet facility       
                                         values:   value  label
                                                      10  FLUSH TOILET                                                
                                                      11  Septic tank/modern                                          
                                                      20  PIT TOILET LATRINE                                          
                                                      21  Water sealed/slab                                           
                                                      22  Pit latrine                                                 
                                                      23  Open latrine                                                
                                                      24  Hanging latrine                                             
                                                      30  NO FACILITY                                                 
                                                      31  No facility/bush                                            
                                                      96  OTHER                                                       
                                                      99  Missing value
                                                   BLANK  Not applicable value
                                         ranges:   lower   upper
                                                      10      31
                                                      96      96

HV206      120    1    0     N      S    Has electricity               
                                         values:   value  label
                                                       0  No                                                          
                                                       1  Yes                                                         
                                                       9  Missing value
                                                   BLANK  Not applicable value
                                         ranges:   lower   upper
                                                       0       1

HV207      121    1    0     N      S    Has radio                     
                                         values:   value  label
                                                       0  No                                                          
                                                       1  Yes                                                         
                                                       9  Missing value
                                                   BLANK  Not applicable value
                                         ranges:   lower   upper
                                                       0       1


                             VARIABLE  DESCRIPTION                     
Section   : SEC1                                                      08-07-2003
                                                                        09:28:46
--------------------------------------------------------------------------------
Variable  Loca  Len   Deci  For   Class  Variable Label
Name      tion  gth   mals  mat          Value   Label
--------------------------------------------------------------------------------

HV208      122    1    0     N      S    Has television                
                                         values:   value  label
                                                       0  No                                                          
                                                       1  Yes                                                         
                                                       9  Missing value
                                                   BLANK  Not applicable value
                                         ranges:   lower   upper
                                                       0       1

HV209      123    1    0     N      S    Has refrigerator -NA          
                                         values:   value  label
                                                       9  Missing value
                                                   BLANK  Not applicable value
                                         ranges:   lower   upper
                                                       0       0

HV210      124    1    0     N      S    Has bicycle                   
                                         values:   value  label
                                                       0  No                                                          
                                                       1  Yes                                                         
                                                       9  Missing value
                                                   BLANK  Not applicable value
                                         ranges:   lower   upper
                                                       0       1

HV211      125    1    0     N      S    Has motorcycle -NA            
                                         values:   value  label
                                                       9  Missing value
                                                   BLANK  Not applicable value
                                         ranges:   lower   upper
                                                       0       0

HV212      126    1    0     N      S    Has car -NA                   
                                         values:   value  label
                                                       9  Missing value
                                                   BLANK  Not applicable value
                                         ranges:   lower   upper
                                                       0       0


                             VARIABLE  DESCRIPTION                     
Section   : SEC1                                                      08-07-2003
                                                                        09:28:46
--------------------------------------------------------------------------------
Variable  Loca  Len   Deci  For   Class  Variable Label
Name      tion  gth   mals  mat          Value   Label
--------------------------------------------------------------------------------

HV213      127    2    0     N      S    Main floor material           
                                         values:   value  label
                                                      10  NATURAL                                                     
                                                      11  Earth                                                       
                                                      20  RUDIMENTARY                                                 
                                                      21  Wood                                                        
                                                      30  FINISHED                                                    
                                                      31  Cement/concrete                                             
                                                      96  OTHER                                                       
                                                      99  Missing value
                                                   BLANK  Not applicable value
                                         ranges:   lower   upper
                                                      10      31
                                                      96      96

HV214      129    2    0     N      S    Main wall material            
                                         values:   value  label
                                                      10  NATURAL                                                     
                                                      11  Jute/bamboo/mud                                             
                                                      20  RUDIMENTARY                                                 
                                                      21  Wood                                                        
                                                      30  FINISHED                                                    
                                                      31  Brick/cement                                                
                                                      32  Tin                                                         
                                                      96  OTHER                                                       
                                                      99  Missing value
                                                   BLANK  Not applicable value
                                         ranges:   lower   upper
                                                      10      32
                                                      96      96

HV215      131    2    0     N      S    Main roof material            
                                         values:   value  label
                                                      10  NATURAL                                                     
                                                      11  Jute/bamboo/mud                                             
                                                      20  RUDIMENTARY                                                 
                                                      21  Tin                                                         
                                                      30  FINISHED                                                    
                                                      31  Cement/concrete                                             
                                                      96  OTHER                                                       
                                                      99  Missing value
                                                   BLANK  Not applicable value
                                         ranges:   lower   upper
                                                      10      31
                                                      96      96

HV216      133    2    0     N      S    Rooms for sleeping            
                                         values:   value  label
                                                      99  Missing value


                             VARIABLE  DESCRIPTION                     
Section   : SEC1                                                      08-07-2003
                                                                        09:28:46
--------------------------------------------------------------------------------
Variable  Loca  Len   Deci  For   Class  Variable Label
Name      tion  gth   mals  mat          Value   Label
--------------------------------------------------------------------------------

HV217      135    1    0     N      S    Relationship structure        
                                         values:   value  label
                                                       0  No adults                                                   
                                                       1  One adult                                                   
                                                       2  Two adults, opp. sex                                        
                                                       3  Two adults, same sex                                        
                                                       4  Three+ related adult                                        
                                                       5  Unrelated adults                                            
                                         ranges:   lower   upper
                                                       0       5

HV218      136    2    0     N      S    Line number of head of househ.
                                         ranges:   lower   upper
                                                       1      90

HV219      138    1    0     N      S    Sex of head of household      
                                         values:   value  label
                                                       1  Male                                                        
                                                       2  Female                                                      
                                                       9  Missing value
                                         ranges:   lower   upper
                                                       1       2

HV220      139    2    0     N      S    Age of head of household      
                                         values:   value  label
                                                      97  97+                                                         
                                                      98  DK                                                          
                                                      99  Missing value
                                         ranges:   lower   upper
                                                       0      98

HV221      141    1    0     N      S    Has telephone -NA             
                                         values:   value  label
                                                       9  Missing value
                                                   BLANK  Not applicable value
                                         ranges:   lower   upper
                                                       0       0

HV222      142    2    0     N      S    Type of salt used for cook -NA
                                         values:   value  label
                                                      99  Missing value
                                                   BLANK  Not applicable value
                                         ranges:   lower   upper
                                                       0       0

SHDISTR    144    2    0     N      S    District of residence         
                                         ranges:   lower   upper
                                                       1      99


                             VARIABLE  DESCRIPTION                     
Section   : SEC1                                                      08-07-2003
                                                                        09:28:46
--------------------------------------------------------------------------------
Variable  Loca  Len   Deci  For   Class  Variable Label
Name      tion  gth   mals  mat          Value   Label
--------------------------------------------------------------------------------

SH20       146    3    0     N      S    Time to get to water source   
                                         values:   value  label
                                                     996  On premises                                                 
                                                     999  Missing value
                                                   BLANK  Not applicable value
                                         ranges:   lower   upper
                                                       1     900
                                                     996     996

SH20A      149    3    0     N      S    Time to wait to get water:mins
                                         values:   value  label
                                                     999  Missing value
                                                   BLANK  Not applicable value
                                         ranges:   lower   upper
                                                       0     900

SH25       152    2    0     N      S    Toilet facility : children    
                                         values:   value  label
                                                       0  No children                                                 
                                                      10  FLUSH TOILET                                                
                                                      11  Septic tank/modern                                          
                                                      20  PIT TOILET LATRINE                                          
                                                      21  Water sealed/slab                                           
                                                      22  Pit latrine                                                 
                                                      23  Open latrine                                                
                                                      24  Hanging latrine                                             
                                                      30  NO FACILITY                                                 
                                                      31  No facility/bush                                            
                                                      96  OTHER                                                       
                                                      99  Missing value
                                                   BLANK  Not applicable value
                                         ranges:   lower   upper
                                                       0       0
                                                      10      31
                                                      96      96

SH26A      154    1    0     N      S    Almirah                       
                                         values:   value  label
                                                       0  No                                                          
                                                       1  Yes                                                         
                                                       9  Missing value
                                         ranges:   lower   upper
                                                       0       1


                             VARIABLE  DESCRIPTION                     
Section   : SEC1                                                      08-07-2003
                                                                        09:28:46
--------------------------------------------------------------------------------
Variable  Loca  Len   Deci  For   Class  Variable Label
Name      tion  gth   mals  mat          Value   Label
--------------------------------------------------------------------------------

SH26B      155    1    0     N      S    Table/chair/bench             
                                         values:   value  label
                                                       0  No                                                          
                                                       1  Yes                                                         
                                                       9  Missing value
                                         ranges:   lower   upper
                                                       0       1

SH26C      156    1    0     N      S    Watch/clock                   
                                         values:   value  label
                                                       0  No                                                          
                                                       1  Yes                                                         
                                                       9  Missing value
                                         ranges:   lower   upper
                                                       0       1

SH26D      157    1    0     N      S    Cot/bed                       
                                         values:   value  label
                                                       0  No                                                          
                                                       1  Yes                                                         
                                                       9  Missing value
                                         ranges:   lower   upper
                                                       0       1

SH26I      158    1    0     N      S    Agricultural land             
                                         values:   value  label
                                                       0  No                                                          
                                                       1  Yes                                                         
                                                       9  Missing value
                                         ranges:   lower   upper
                                                       0       1

SH31       159    1    0     N      S    Urban slum                    
                                         values:   value  label
                                                       0  No                                                          
                                                       1  Yes                                                         
                                                       9  Missing value
                                         ranges:   lower   upper
                                                       0       1


                             VARIABLE  DESCRIPTION                     
Section   : SEC2                                                      08-07-2003
                                                                        09:28:46
--------------------------------------------------------------------------------
Variable  Loca  Len   Deci  For   Class  Variable Label
Name      tion  gth   mals  mat          Value   Label
--------------------------------------------------------------------------------

HVIDX      160    2    0     N      S    Line number                   
                                         ranges:   lower   upper
                                                       1      90

HV101      162    2    0     N      S    Relationship to head          
                                         values:   value  label
                                                       1  Head                                                        
                                                       2  Wife or husband                                             
                                                       3  Son/daughter                                                
                                                       4  Son/daughter-in-law                                         
                                                       5  Grandchild                                                  
                                                       6  Parent                                                      
                                                       7  Parent-in-law                                               
                                                       8  Brother/sister                                              
                                                       9  Co-spouse                                                   
                                                      10  Other relative                                              
                                                      11  Adopted/foster child                                        
                                                      12  Not related                                                 
                                                      98  DK                                                          
                                                      99  Missing value
                                         ranges:   lower   upper
                                                       1      12
                                                      98      98

HV102      164    1    0     N      S    Usual resident                
                                         values:   value  label
                                                       0  No                                                          
                                                       1  Yes                                                         
                                                       9  Missing value
                                         ranges:   lower   upper
                                                       0       1

HV103      165    1    0     N      S    Slept last night              
                                         values:   value  label
                                                       0  No                                                          
                                                       1  Yes                                                         
                                                       9  Missing value
                                         ranges:   lower   upper
                                                       0       1

HV104      166    1    0     N      S    Sex of household member       
                                         values:   value  label
                                                       1  Male                                                        
                                                       2  Female                                                      
                                                       9  Missing value
                                         ranges:   lower   upper
                                                       1       2


                             VARIABLE  DESCRIPTION                     
Section   : SEC2                                                      08-07-2003
                                                                        09:28:46
--------------------------------------------------------------------------------
Variable  Loca  Len   Deci  For   Class  Variable Label
Name      tion  gth   mals  mat          Value   Label
--------------------------------------------------------------------------------

HV105      167    2    0     N      S    Age of household members      
                                         values:   value  label
                                                      96  96 or older                                                 
                                                      98  DK                                                          
                                                      99  Missing value
                                         ranges:   lower   upper
                                                       0      98

HV106      169    1    0     N      S    Highest educational level     
                                         values:   value  label
                                                       0  No education                                                
                                                       1  Primary                                                     
                                                       2  Secondary                                                   
                                                       3  Higher                                                      
                                                       8  DK                                                          
                                                       9  Missing value
                                         ranges:   lower   upper
                                                       0       3
                                                       8       8

HV107      170    2    0     N      S    Highest year of education     
                                         values:   value  label
                                                      98  DK                                                          
                                                      99  Missing value
                                                   BLANK  Not applicable value

HV108      172    2    0     N      S    Education in single years     
                                         values:   value  label
                                                      97  Inconsistent                                                
                                                      98  DK                                                          
                                                      99  Missing value
                                         ranges:   lower   upper
                                                       0      20
                                                      97      98

HV109      174    1    0     N      S    Educational attainment        
                                         values:   value  label
                                                       0  No education                                                
                                                       1  Incomplete primary                                          
                                                       2  Complete primary                                            
                                                       3  Incomplete secondary                                        
                                                       4  Complete secondary                                          
                                                       5  Higher                                                      
                                                       8  DK                                                          
                                                       9  Missing value
                                         ranges:   lower   upper
                                                       0       5
                                                       8       8


                             VARIABLE  DESCRIPTION                     
Section   : SEC2                                                      08-07-2003
                                                                        09:28:46
--------------------------------------------------------------------------------
Variable  Loca  Len   Deci  For   Class  Variable Label
Name      tion  gth   mals  mat          Value   Label
--------------------------------------------------------------------------------

HV110      175    1    0     N      S    Member still in school        
                                         values:   value  label
                                                       0  No                                                          
                                                       1  Yes                                                         
                                                       9  Missing value
                                         ranges:   lower   upper
                                                       0       1

HV111      176    1    0     N      S    Mother alive -NA              
                                         values:   value  label
                                                       9  Missing value
                                                   BLANK  Not applicable value
                                         ranges:   lower   upper
                                                       0       0

HV112      177    2    0     N      S    Mother's line number -NA      
                                         values:   value  label
                                                      99  Missing value
                                                   BLANK  Not applicable value
                                         ranges:   lower   upper
                                                       0       0

HV113      179    1    0     N      S    Father alive -NA              
                                         values:   value  label
                                                       9  Missing value
                                                   BLANK  Not applicable value
                                         ranges:   lower   upper
                                                       0       0

HV114      180    2    0     N      S    Father's line number -NA      
                                         values:   value  label
                                                      99  Missing value
                                                   BLANK  Not applicable value
                                         ranges:   lower   upper
                                                       0       0

HV115      182    1    0     N      S    Current marital status -NA    
                                         values:   value  label
                                                       9  Missing value
                                                   BLANK  Not applicable value
                                         ranges:   lower   upper
                                                       0       0


                             VARIABLE  DESCRIPTION                     
Section   : SEC2                                                      08-07-2003
                                                                        09:28:46
--------------------------------------------------------------------------------
Variable  Loca  Len   Deci  For   Class  Variable Label
Name      tion  gth   mals  mat          Value   Label
--------------------------------------------------------------------------------

HV116      183    1    0     N      S    Currently, formerly, never m. 
                                         values:   value  label
                                                       0  Never married                                               
                                                       1  Currently married                                           
                                                       2  Formerly/ever marr.                                         
                                                       9  Missing value
                                                   BLANK  Not applicable value
                                         ranges:   lower   upper
                                                       0       2

HV117      184    1    0     N      S    Eligibility for female intview
                                         values:   value  label
                                                       0  Not eligible                                                
                                                       1  Eligible                                                    
                                                   BLANK  Not applicable value
                                         ranges:   lower   upper
                                                       0       1

HV118      185    1    0     N      S    Eligibility for male interview
                                         values:   value  label
                                                       0  Not eligible                                                
                                                       1  Eligible                                                    
                                                   BLANK  Not applicable value
                                         ranges:   lower   upper
                                                       0       1

IDXH4      186    2    0     N      S    Index to household schedule   
                                         ranges:   lower   upper
                                                       1      90

SH14       188    1    0     N      S    Works for money               
                                         values:   value  label
                                                       0  No                                                          
                                                       1  Yes                                                         
                                                       8  Don't know                                                  
                                                       9  Missing value
                                                   BLANK  Not applicable value
                                         ranges:   lower   upper
                                                       0       1
                                                       8       8

SH17       189    2    0     N      S    Husbands line number          
                                         values:   value  label
                                                       0  Not marr./husb away                                         
                                                   BLANK  Not applicable value
                                         ranges:   lower   upper
                                                       0      80


                             SECTION MAP                               
Section   : SEC1                                                      08-07-2003
                                                                        09:28:46
--------------------------------------------------------------------------------
Loc  Fmt   Variable      Variable Label                  Missing NotAppl Default
--------------------------------------------------------------------------------

     ___
   1| A |  HHID          Case Identification                                    
    | A |
    | A |
    | A |
    | A |
    | A |
    | A |
    | A |
    | A |
    | A |
    | A |
    | A |     ___
  13| A |  HV000         Country code and phase                                 
    | A |
    | A |     ___
  16| N |  HV001         Cluster number                                         
    | N |
    | N |
    | N |
    | N |
    | N |
    | N |
    | N |     ___
  24| N |  HV002         Household number                                       
    | N |
    | N |
    | N |     ___
  28| N |  HV003         Respondent's line number                               
    | N |
    | N |     ___
  31| N |  HV004         Ultimate area unit                                     
    | N |
    | N |
    | N |     ___
  35| N |  HV005         Sample weight                                          
    | N |
    | N |
    | N |
    | N |
    | N |
    | N |
    | N |     ___
  43| N |  HV006         Month of interview                                     
    | N |     ___
  45| N |  HV007         Year of interview                                      
    | N |     ___
  47| N |  HV008         Date of interview (CMC)                                
    | N |
    | N |
    | N |     ___

                             SECTION MAP                               
Section   : SEC1                                                      08-07-2003
                                                                        09:28:46
--------------------------------------------------------------------------------
Loc  Fmt   Variable      Variable Label                  Missing NotAppl Default
--------------------------------------------------------------------------------

     ___
  51| N |  HV009         Number of household members                            
    | N |     ___
  53| N |  HV010         Number of eligible women in HH                         
    | N |     ___
  55| N |  HV011         Number of eligible men in HH                           
    | N |     ___
  57| N |  HV012         Number of de jure members                              
    | N |     ___
  59| N |  HV013         Number of de facto members                             
    | N |     ___
  61| N |  HV014         Number of children 5 and under                         
    | N |     ___
  63| N |  HV015         Result of household interview                               ___
  64| N |  HV016         Day of interview                                       
    | N |     ___
  66| N |  HV017         Number of visits                                            ___
  67| N |  HV018         Interviewer identification          999                
    | N |
    | N |     ___
  70| N |  HV019         Keyer identification                 99                
    | N |     ___
  72| N |  HV020         Ever-married sample                                         ___
  73| N |  HV021         Primary sampling unit                                  
    | N |
    | N |
    | N |     ___
  77| N |  HV022         Sample stratum number                                  
    | N |
    | N |
    | N |     ___
  81| N |  HV023         Sample domain                                          
    | N |     ___
  83| N |  HV024         Region                                                 
    | N |     ___
  85| N |  HV025         Type of place of residence                                  ___
  86| N |  HV026         Place of residence                    9                     ___
  87| N |  HV027         Selection for male/husb. int.                               ___
  88| N |  HV028         Sample weight for male subsamp                         
    | N |
    | N |
    | N |
    | N |
    | N |
    | N |
    | N |     ___
  96| N |  HV030         Field supervisor -NA                 99   BLANK        
    | N |     ___
  98| N |  HV031         Field editor -NA                     99   BLANK        
    | N |     ___
 100| N |  HV032         Office editor -NA                    99   BLANK        
    | N |     ___

                             SECTION MAP                               
Section   : SEC1                                                      08-07-2003
                                                                        09:28:46
--------------------------------------------------------------------------------
Loc  Fmt   Variable      Variable Label                  Missing NotAppl Default
--------------------------------------------------------------------------------

     ___
 102| N |  HV033         Ultimate area selection prob.                          
    | N |
    | N |
    | N |
    | N |
    | N |
    | N |
    | N |     ___
 110| N |  HV201         Source of drinking water             99   BLANK        
    | N |     ___
 112| N |  HV202         Source of non-drinking water         99   BLANK        
    | N |     ___
 114| N |  HV203         Same source of water                  9   BLANK             ___
 115| N |  HV204         Time to get to water source         999   BLANK        
    | N |
    | N |     ___
 118| N |  HV205         Type of toilet facility              99   BLANK        
    | N |     ___
 120| N |  HV206         Has electricity                       9   BLANK             ___
 121| N |  HV207         Has radio                             9   BLANK             ___
 122| N |  HV208         Has television                        9   BLANK             ___
 123| N |  HV209         Has refrigerator -NA                  9   BLANK             ___
 124| N |  HV210         Has bicycle                           9   BLANK             ___
 125| N |  HV211         Has motorcycle -NA                    9   BLANK             ___
 126| N |  HV212         Has car -NA                           9   BLANK             ___
 127| N |  HV213         Main floor material                  99   BLANK        
    | N |     ___
 129| N |  HV214         Main wall material                   99   BLANK        
    | N |     ___
 131| N |  HV215         Main roof material                   99   BLANK        
    | N |     ___
 133| N |  HV216         Rooms for sleeping                   99                
    | N |     ___
 135| N |  HV217         Relationship structure                                      ___
 136| N |  HV218         Line number of head of househ.                         
    | N |     ___
 138| N |  HV219         Sex of head of household              9                     ___
 139| N |  HV220         Age of head of household             99                
    | N |     ___
 141| N |  HV221         Has telephone -NA                     9   BLANK             ___
 142| N |  HV222         Type of salt used for cook -NA       99   BLANK        
    | N |     ___
 144| N |  SHDISTR       District of residence                                  
    | N |     ___
 146| N |  SH20          Time to get to water source         999   BLANK        
    | N |
    | N |     ___
 149| N |  SH20A         Time to wait to get water:mins      999   BLANK        
    | N |
    | N |     ___

                             SECTION MAP                               
Section   : SEC1                                                      08-07-2003
                                                                        09:28:46
--------------------------------------------------------------------------------
Loc  Fmt   Variable      Variable Label                  Missing NotAppl Default
--------------------------------------------------------------------------------

     ___
 152| N |  SH25          Toilet facility : children           99   BLANK        
    | N |     ___
 154| N |  SH26A         Almirah                               9                     ___
 155| N |  SH26B         Table/chair/bench                     9                     ___
 156| N |  SH26C         Watch/clock                           9                     ___
 157| N |  SH26D         Cot/bed                               9                     ___
 158| N |  SH26I         Agricultural land                     9                     ___
 159| N |  SH31          Urban slum                            9                     ___

                             SECTION MAP                               
Section   : SEC2                                                      08-07-2003
                                                                        09:28:46
--------------------------------------------------------------------------------
Loc  Fmt   Variable      Variable Label                  Missing NotAppl Default
--------------------------------------------------------------------------------

     ___
 160| N |  HVIDX         Line number                                            
    | N |     ___
 162| N |  HV101         Relationship to head                 99                
    | N |     ___
 164| N |  HV102         Usual resident                        9                     ___
 165| N |  HV103         Slept last night                      9                     ___
 166| N |  HV104         Sex of household member               9                     ___
 167| N |  HV105         Age of household members             99                
    | N |     ___
 169| N |  HV106         Highest educational level             9                     ___
 170| N |  HV107         Highest year of education            99   BLANK        
    | N |     ___
 172| N |  HV108         Education in single years            99                
    | N |     ___
 174| N |  HV109         Educational attainment                9                     ___
 175| N |  HV110         Member still in school                9                     ___
 176| N |  HV111         Mother alive -NA                      9   BLANK             ___
 177| N |  HV112         Mother's line number -NA             99   BLANK        
    | N |     ___
 179| N |  HV113         Father alive -NA                      9   BLANK             ___
 180| N |  HV114         Father's line number -NA             99   BLANK        
    | N |     ___
 182| N |  HV115         Current marital status -NA            9   BLANK             ___
 183| N |  HV116         Currently, formerly, never m.         9   BLANK             ___
 184| N |  HV117         Eligibility for female intview            BLANK             ___
 185| N |  HV118         Eligibility for male interview            BLANK             ___
 186| N |  IDXH4         Index to household schedule                            
    | N |     ___
 188| N |  SH14          Works for money                       9   BLANK             ___
 189| N |  SH17          Husbands line number                      BLANK        
    | N |     ___

... Report of Dictionary BDPR31 normally ended